00:00 +0: loading C:/Users/emiliano.kamppeter/SynologyDrive/AntiGravity/FoulAndFortune/test/canonical_spec_test.dart
puro : lib/models/game_state.dart:478:7: Error: The method 
'_updateRackCount' isn't defined for the type 'GameState'.
In Zeile:1 Zeichen:1
+ puro flutter test --reporter=expanded 2>&1 | Out-File -FilePath test_ 
...
+ ~~~~~~~~~~~~~~~~~~~~~~~~~~~~~~~~~~~~~~~~~~
    + CategoryInfo          : NotSpecified: (lib/models/game...pe 'GameS 
   tate'.:String) [], RemoteException
    + FullyQualifiedErrorId : NativeCommandError
 
 - 'GameState' is from 'package:foulandfortune/models/game_state.dart' 
('lib/models/game_state.dart').
Try correcting the name to the name of an existing method, or defining a 
method named '_updateRackCount'.
      _updateRackCount(1);
      ^^^^^^^^^^^^^^^^
lib/models/game_state.dart:480:7: Error: The method '_updateRackCount' 
isn't defined for the type 'GameState'.
 - 'GameState' is from 'package:foulandfortune/models/game_state.dart' 
('lib/models/game_state.dart').
Try correcting the name to the name of an existing method, or defining a 
method named '_updateRackCount'.
      _updateRackCount(newBallCount);
      ^^^^^^^^^^^^^^^^
lib/models/game_state.dart:493:7: Error: The method '_updateRackCount' 
isn't defined for the type 'GameState'.
 - 'GameState' is from 'package:foulandfortune/models/game_state.dart' 
('lib/models/game_state.dart').
Try correcting the name to the name of an existing method, or defining a 
method named '_updateRackCount'.
      _updateRackCount(0); // Clear immediately so balls vanish
      ^^^^^^^^^^^^^^^^
lib/models/game_state.dart:653:5: Error: The method '_updateRackCount' 
isn't defined for the type 'GameState'.
 - 'GameState' is from 'package:foulandfortune/models/game_state.dart' 
('lib/models/game_state.dart').
Try correcting the name to the name of an existing method, or defining a 
method named '_updateRackCount'.
    _updateRackCount(0);
    ^^^^^^^^^^^^^^^^
00:00 +0 -1: loading C:/Users/emiliano.kamppeter/SynologyDrive/AntiGravity/FoulAndFortune/test/canonical_spec_test.dart [E]
  Failed to load "C:/Users/emiliano.kamppeter/SynologyDrive/AntiGravity/FoulAndFortune/test/canonical_spec_test.dart":
  Compilation failed for testPath=C:/Users/emiliano.kamppeter/SynologyDrive/AntiGravity/FoulAndFortune/test/canonical_spec_test.dart: lib/models/game_state.dart:478:7: Error: The method '_updateRackCount' isn't defined for the type 'GameState'.
   - 'GameState' is from 'package:foulandfortune/models/game_state.dart' ('lib/models/game_state.dart').
  Try correcting the name to the name of an existing method, or defining a method named '_updateRackCount'.
        _updateRackCount(1);
        ^^^^^^^^^^^^^^^^
  lib/models/game_state.dart:480:7: Error: The method '_updateRackCount' isn't defined for the type 'GameState'.
   - 'GameState' is from 'package:foulandfortune/models/game_state.dart' ('lib/models/game_state.dart').
  Try correcting the name to the name of an existing method, or defining a method named '_updateRackCount'.
        _updateRackCount(newBallCount);
        ^^^^^^^^^^^^^^^^
  lib/models/game_state.dart:493:7: Error: The method '_updateRackCount' isn't defined for the type 'GameState'.
   - 'GameState' is from 'package:foulandfortune/models/game_state.dart' ('lib/models/game_state.dart').
  Try correcting the name to the name of an existing method, or defining a method named '_updateRackCount'.
        _updateRackCount(0); // Clear immediately so balls vanish
        ^^^^^^^^^^^^^^^^
  lib/models/game_state.dart:653:5: Error: The method '_updateRackCount' isn't defined for the type 'GameState'.
   - 'GameState' is from 'package:foulandfortune/models/game_state.dart' ('lib/models/game_state.dart').
  Try correcting the name to the name of an existing method, or defining a method named '_updateRackCount'.
      _updateRackCount(0);
      ^^^^^^^^^^^^^^^^
  .
  Error: The Dart compiler exited unexpectedly.
  package:flutter_tools/src/base/common.dart 34:3  throwToolExit
  package:flutter_tools/src/compile.dart 911:11    DefaultResidentCompiler._compile.<fn>
  dart:async/zone.dart 1538:47                     _rootRunUnary
  dart:async/zone.dart 1429:19                     _CustomZone.runUnary
  dart:async/future_impl.dart 948:45               Future._propagateToListeners.handleValueCallback
  dart:async/future_impl.dart 977:13               Future._propagateToListeners
  dart:async/future_impl.dart 862:9                Future._propagateToListeners
  dart:async/future_impl.dart 720:5                Future._completeWithValue
  dart:async/future_impl.dart 804:7                Future._asyncCompleteWithValue.<fn>
  dart:async/zone.dart 1525:13                     _rootRun
  dart:async/zone.dart 1422:19                     _CustomZone.run
  dart:async/zone.dart 1321:7                      _CustomZone.runGuarded
  dart:async/zone.dart 1362:23                     _CustomZone.bindCallbackGuarded.<fn>
  dart:async/schedule_microtask.dart 40:35         _microtaskLoop
  dart:async/schedule_microtask.dart 49:5          _startMicrotaskLoop
  dart:isolate-patch/isolate_patch.dart 127:13     _runPendingImmediateCallback
  dart:isolate-patch/isolate_patch.dart 194:5      _RawReceivePort._handleMessage
  
lib/models/game_state.dart:478:7: Error: The method '_updateRackCount' 
isn't defined for the type 'GameState'.
 - 'GameState' is from 'package:foulandfortune/models/game_state.dart' 
('lib/models/game_state.dart').
Try correcting the name to the name of an existing method, or defining a 
method named '_updateRackCount'.
      _updateRackCount(1);
      ^^^^^^^^^^^^^^^^
lib/models/game_state.dart:480:7: Error: The method '_updateRackCount' 
isn't defined for the type 'GameState'.
 - 'GameState' is from 'package:foulandfortune/models/game_state.dart' 
('lib/models/game_state.dart').
Try correcting the name to the name of an existing method, or defining a 
method named '_updateRackCount'.
      _updateRackCount(newBallCount);
      ^^^^^^^^^^^^^^^^
lib/models/game_state.dart:493:7: Error: The method '_updateRackCount' 
isn't defined for the type 'GameState'.
 - 'GameState' is from 'package:foulandfortune/models/game_state.dart' 
('lib/models/game_state.dart').
Try correcting the name to the name of an existing method, or defining a 
method named '_updateRackCount'.
      _updateRackCount(0); // Clear immediately so balls vanish
      ^^^^^^^^^^^^^^^^
lib/models/game_state.dart:653:5: Error: The method '_updateRackCount' 
isn't defined for the type 'GameState'.
 - 'GameState' is from 'package:foulandfortune/models/game_state.dart' 
('lib/models/game_state.dart').
Try correcting the name to the name of an existing method, or defining a 
method named '_updateRackCount'.
    _updateRackCount(0);
    ^^^^^^^^^^^^^^^^
00:00 +0 -2: loading C:/Users/emiliano.kamppeter/SynologyDrive/AntiGravity/FoulAndFortune/test/debugging_turn_logic_test.dart [E]
  Failed to load "C:/Users/emiliano.kamppeter/SynologyDrive/AntiGravity/FoulAndFortune/test/debugging_turn_logic_test.dart":
  Compilation failed for testPath=C:/Users/emiliano.kamppeter/SynologyDrive/AntiGravity/FoulAndFortune/test/debugging_turn_logic_test.dart: lib/models/game_state.dart:478:7: Error: The method '_updateRackCount' isn't defined for the type 'GameState'.
   - 'GameState' is from 'package:foulandfortune/models/game_state.dart' ('lib/models/game_state.dart').
  Try correcting the name to the name of an existing method, or defining a method named '_updateRackCount'.
        _updateRackCount(1);
        ^^^^^^^^^^^^^^^^
  lib/models/game_state.dart:480:7: Error: The method '_updateRackCount' isn't defined for the type 'GameState'.
   - 'GameState' is from 'package:foulandfortune/models/game_state.dart' ('lib/models/game_state.dart').
  Try correcting the name to the name of an existing method, or defining a method named '_updateRackCount'.
        _updateRackCount(newBallCount);
        ^^^^^^^^^^^^^^^^
  lib/models/game_state.dart:493:7: Error: The method '_updateRackCount' isn't defined for the type 'GameState'.
   - 'GameState' is from 'package:foulandfortune/models/game_state.dart' ('lib/models/game_state.dart').
  Try correcting the name to the name of an existing method, or defining a method named '_updateRackCount'.
        _updateRackCount(0); // Clear immediately so balls vanish
        ^^^^^^^^^^^^^^^^
  lib/models/game_state.dart:653:5: Error: The method '_updateRackCount' isn't defined for the type 'GameState'.
   - 'GameState' is from 'package:foulandfortune/models/game_state.dart' ('lib/models/game_state.dart').
  Try correcting the name to the name of an existing method, or defining a method named '_updateRackCount'.
      _updateRackCount(0);
      ^^^^^^^^^^^^^^^^
  .
00:00 +0 -2: loading C:/Users/emiliano.kamppeter/SynologyDrive/AntiGravity/FoulAndFortune/test/canonical_spec_test.dart [E]
  Error: The Dart compiler exited unexpectedly.
  package:flutter_tools/src/base/common.dart 34:3  throwToolExit
  package:flutter_tools/src/compile.dart 911:11    DefaultResidentCompiler._compile.<fn>
  dart:async/zone.dart 1538:47                     _rootRunUnary
  dart:async/zone.dart 1429:19                     _CustomZone.runUnary
  dart:async/future_impl.dart 948:45               Future._propagateToListeners.handleValueCallback
  dart:async/future_impl.dart 977:13               Future._propagateToListeners
  dart:async/future_impl.dart 862:9                Future._propagateToListeners
  dart:async/future_impl.dart 720:5                Future._completeWithValue
  dart:async/future_impl.dart 804:7                Future._asyncCompleteWithValue.<fn>
  dart:async/zone.dart 1525:13                     _rootRun
  dart:async/zone.dart 1422:19                     _CustomZone.run
  dart:async/zone.dart 1321:7                      _CustomZone.runGuarded
  dart:async/zone.dart 1362:23                     _CustomZone.bindCallbackGuarded.<fn>
  dart:async/schedule_microtask.dart 40:35         _microtaskLoop
  dart:async/schedule_microtask.dart 49:5          _startMicrotaskLoop
  dart:isolate-patch/isolate_patch.dart 127:13     _runPendingImmediateCallback
  dart:isolate-patch/isolate_patch.dart 194:5      _RawReceivePort._handleMessage
  
lib/models/game_state.dart:478:7: Error: The method '_updateRackCount' 
isn't defined for the type 'GameState'.
 - 'GameState' is from 'package:foulandfortune/models/game_state.dart' 
('lib/models/game_state.dart').
Try correcting the name to the name of an existing method, or defining a 
method named '_updateRackCount'.
      _updateRackCount(1);
      ^^^^^^^^^^^^^^^^
lib/models/game_state.dart:480:7: Error: The method '_updateRackCount' 
isn't defined for the type 'GameState'.
 - 'GameState' is from 'package:foulandfortune/models/game_state.dart' 
('lib/models/game_state.dart').
Try correcting the name to the name of an existing method, or defining a 
method named '_updateRackCount'.
      _updateRackCount(newBallCount);
      ^^^^^^^^^^^^^^^^
lib/models/game_state.dart:493:7: Error: The method '_updateRackCount' 
isn't defined for the type 'GameState'.
 - 'GameState' is from 'package:foulandfortune/models/game_state.dart' 
('lib/models/game_state.dart').
Try correcting the name to the name of an existing method, or defining a 
method named '_updateRackCount'.
      _updateRackCount(0); // Clear immediately so balls vanish
      ^^^^^^^^^^^^^^^^
lib/models/game_state.dart:653:5: Error: The method '_updateRackCount' 
isn't defined for the type 'GameState'.
 - 'GameState' is from 'package:foulandfortune/models/game_state.dart' 
('lib/models/game_state.dart').
Try correcting the name to the name of an existing method, or defining a 
method named '_updateRackCount'.
    _updateRackCount(0);
    ^^^^^^^^^^^^^^^^
00:00 +0 -3: loading C:/Users/emiliano.kamppeter/SynologyDrive/AntiGravity/FoulAndFortune/test/diagnostic_launch_test.dart [E]
  Failed to load "C:/Users/emiliano.kamppeter/SynologyDrive/AntiGravity/FoulAndFortune/test/diagnostic_launch_test.dart":
  Compilation failed for testPath=C:/Users/emiliano.kamppeter/SynologyDrive/AntiGravity/FoulAndFortune/test/diagnostic_launch_test.dart: lib/models/game_state.dart:478:7: Error: The method '_updateRackCount' isn't defined for the type 'GameState'.
   - 'GameState' is from 'package:foulandfortune/models/game_state.dart' ('lib/models/game_state.dart').
  Try correcting the name to the name of an existing method, or defining a method named '_updateRackCount'.
        _updateRackCount(1);
        ^^^^^^^^^^^^^^^^
  lib/models/game_state.dart:480:7: Error: The method '_updateRackCount' isn't defined for the type 'GameState'.
   - 'GameState' is from 'package:foulandfortune/models/game_state.dart' ('lib/models/game_state.dart').
  Try correcting the name to the name of an existing method, or defining a method named '_updateRackCount'.
        _updateRackCount(newBallCount);
        ^^^^^^^^^^^^^^^^
  lib/models/game_state.dart:493:7: Error: The method '_updateRackCount' isn't defined for the type 'GameState'.
   - 'GameState' is from 'package:foulandfortune/models/game_state.dart' ('lib/models/game_state.dart').
  Try correcting the name to the name of an existing method, or defining a method named '_updateRackCount'.
        _updateRackCount(0); // Clear immediately so balls vanish
        ^^^^^^^^^^^^^^^^
  lib/models/game_state.dart:653:5: Error: The method '_updateRackCount' isn't defined for the type 'GameState'.
   - 'GameState' is from 'package:foulandfortune/models/game_state.dart' ('lib/models/game_state.dart').
  Try correcting the name to the name of an existing method, or defining a method named '_updateRackCount'.
      _updateRackCount(0);
      ^^^^^^^^^^^^^^^^
  .
00:00 +0 -3: loading C:/Users/emiliano.kamppeter/SynologyDrive/AntiGravity/FoulAndFortune/test/canonical_spec_test.dart [E]
  Error: The Dart compiler exited unexpectedly.
  package:flutter_tools/src/base/common.dart 34:3  throwToolExit
  package:flutter_tools/src/compile.dart 911:11    DefaultResidentCompiler._compile.<fn>
  dart:async/zone.dart 1538:47                     _rootRunUnary
  dart:async/zone.dart 1429:19                     _CustomZone.runUnary
  dart:async/future_impl.dart 948:45               Future._propagateToListeners.handleValueCallback
  dart:async/future_impl.dart 977:13               Future._propagateToListeners
  dart:async/future_impl.dart 862:9                Future._propagateToListeners
  dart:async/future_impl.dart 720:5                Future._completeWithValue
  dart:async/future_impl.dart 804:7                Future._asyncCompleteWithValue.<fn>
  dart:async/zone.dart 1525:13                     _rootRun
  dart:async/zone.dart 1422:19                     _CustomZone.run
  dart:async/zone.dart 1321:7                      _CustomZone.runGuarded
  dart:async/zone.dart 1362:23                     _CustomZone.bindCallbackGuarded.<fn>
  dart:async/schedule_microtask.dart 40:35         _microtaskLoop
  dart:async/schedule_microtask.dart 49:5          _startMicrotaskLoop
  dart:isolate-patch/isolate_patch.dart 127:13     _runPendingImmediateCallback
  dart:isolate-patch/isolate_patch.dart 194:5      _RawReceivePort._handleMessage
  
00:00 +0 -3: C:/Users/emiliano.kamppeter/SynologyDrive/AntiGravity/FoulAndFortune/test/notation_codec_test.dart: NotationCodec - Canonical Parsing Valid single segment
lib/models/game_state.dart:478:7: Error: The method '_updateRackCount' 
isn't defined for the type 'GameState'.
 - 'GameState' is from 'package:foulandfortune/models/game_state.dart' 
('lib/models/game_state.dart').
Try correcting the name to the name of an existing method, or defining a 
method named '_updateRackCount'.
      _updateRackCount(1);
      ^^^^^^^^^^^^^^^^
lib/models/game_state.dart:480:7: Error: The method '_updateRackCount' 
isn't defined for the type 'GameState'.
 - 'GameState' is from 'package:foulandfortune/models/game_state.dart' 
('lib/models/game_state.dart').
Try correcting the name to the name of an existing method, or defining a 
method named '_updateRackCount'.
      _updateRackCount(newBallCount);
      ^^^^^^^^^^^^^^^^
lib/models/game_state.dart:493:7: Error: The method '_updateRackCount' 
isn't defined for the type 'GameState'.
 - 'GameState' is from 'package:foulandfortune/models/game_state.dart' 
('lib/models/game_state.dart').
Try correcting the name to the name of an existing method, or defining a 
method named '_updateRackCount'.
      _updateRackCount(0); // Clear immediately so balls vanish
      ^^^^^^^^^^^^^^^^
lib/models/game_state.dart:653:5: Error: The method '_updateRackCount' 
isn't defined for the type 'GameState'.
 - 'GameState' is from 'package:foulandfortune/models/game_state.dart' 
('lib/models/game_state.dart').
Try correcting the name to the name of an existing method, or defining a 
method named '_updateRackCount'.
    _updateRackCount(0);
    ^^^^^^^^^^^^^^^^
00:00 +1 -3: C:/Users/emiliano.kamppeter/SynologyDrive/AntiGravity/FoulAndFortune/test/notation_codec_test.dart: NotationCodec - Canonical Parsing Valid multi-segment
00:00 +2 -3: C:/Users/emiliano.kamppeter/SynologyDrive/AntiGravity/FoulAndFortune/test/notation_codec_test.dart: NotationCodec - Canonical Parsing Valid with safe suffix
00:00 +3 -3: C:/Users/emiliano.kamppeter/SynologyDrive/AntiGravity/FoulAndFortune/test/notation_codec_test.dart: NotationCodec - Canonical Parsing Valid with foul suffix
00:00 +4 -3: C:/Users/emiliano.kamppeter/SynologyDrive/AntiGravity/FoulAndFortune/test/notation_codec_test.dart: NotationCodec - Canonical Parsing Valid with safe and foul
00:00 +5 -3: C:/Users/emiliano.kamppeter/SynologyDrive/AntiGravity/FoulAndFortune/test/notation_codec_test.dart: NotationCodec - Canonical Parsing Valid with break foul
00:00 +6 -3: C:/Users/emiliano.kamppeter/SynologyDrive/AntiGravity/FoulAndFortune/test/notation_codec_test.dart: NotationCodec - Canonical Parsing Valid with triple foul
00:00 +7 -3: C:/Users/emiliano.kamppeter/SynologyDrive/AntiGravity/FoulAndFortune/test/notation_codec_test.dart: NotationCodec - Canonical Serialization Serialize simple segment
00:00 +8 -3: C:/Users/emiliano.kamppeter/SynologyDrive/AntiGravity/FoulAndFortune/test/notation_codec_test.dart: NotationCodec - Canonical Serialization Serialize multi-segment
00:00 +9 -3: C:/Users/emiliano.kamppeter/SynologyDrive/AntiGravity/FoulAndFortune/test/notation_codec_test.dart: NotationCodec - Canonical Serialization Serialize with suffix
00:00 +10 -3: C:/Users/emiliano.kamppeter/SynologyDrive/AntiGravity/FoulAndFortune/test/notation_codec_test.dart: NotationCodec - Round-trip Property Round-trip: 0
00:00 +11 -3: C:/Users/emiliano.kamppeter/SynologyDrive/AntiGravity/FoulAndFortune/test/notation_codec_test.dart: NotationCodec - Round-trip Property Round-trip: 5
00:00 +12 -3: C:/Users/emiliano.kamppeter/SynologyDrive/AntiGravity/FoulAndFortune/test/notation_codec_test.dart: NotationCodec - Round-trip Property Round-trip: 14
00:00 +13 -3: C:/Users/emiliano.kamppeter/SynologyDrive/AntiGravity/FoulAndFortune/test/notation_codec_test.dart: NotationCodec - Round-trip Property Round-trip: 15
00:00 +14 -3: C:/Users/emiliano.kamppeter/SynologyDrive/AntiGravity/FoulAndFortune/test/notation_codec_test.dart: NotationCodec - Round-trip Property Round-trip: 0S
00:00 +15 -3: C:/Users/emiliano.kamppeter/SynologyDrive/AntiGravity/FoulAndFortune/test/notation_codec_test.dart: NotationCodec - Round-trip Property Round-trip: 5S
00:00 +16 -3: C:/Users/emiliano.kamppeter/SynologyDrive/AntiGravity/FoulAndFortune/test/notation_codec_test.dart: NotationCodec - Round-trip Property Round-trip: 0F
00:00 +17 -3: C:/Users/emiliano.kamppeter/SynologyDrive/AntiGravity/FoulAndFortune/test/notation_codec_test.dart: NotationCodec - Round-trip Property Round-trip: 0BF
00:00 +18 -3: C:/Users/emiliano.kamppeter/SynologyDrive/AntiGravity/FoulAndFortune/test/notation_codec_test.dart: NotationCodec - Round-trip Property Round-trip: 0TF
00:00 +19 -3: C:/Users/emiliano.kamppeter/SynologyDrive/AntiGravity/FoulAndFortune/test/notation_codec_test.dart: NotationCodec - Round-trip Property Round-trip: 0SF
00:00 +20 -3: C:/Users/emiliano.kamppeter/SynologyDrive/AntiGravity/FoulAndFortune/test/notation_codec_test.dart: NotationCodec - Round-trip Property Round-trip: 0SBF
00:00 +21 -3: C:/Users/emiliano.kamppeter/SynologyDrive/AntiGravity/FoulAndFortune/test/notation_codec_test.dart: NotationCodec - Round-trip Property Round-trip: 0STF
00:00 +22 -3: C:/Users/emiliano.kamppeter/SynologyDrive/AntiGravity/FoulAndFortune/test/notation_codec_test.dart: NotationCodec - Round-trip Property Round-trip: 14Ôƒ▓0
00:00 +23 -3: C:/Users/emiliano.kamppeter/SynologyDrive/AntiGravity/FoulAndFortune/test/notation_codec_test.dart: NotationCodec - Round-trip Property Round-trip: 14Ôƒ▓5
00:00 +24 -3: C:/Users/emiliano.kamppeter/SynologyDrive/AntiGravity/FoulAndFortune/test/notation_codec_test.dart: NotationCodec - Round-trip Property Round-trip: 14Ôƒ▓14Ôƒ▓2
00:00 +25 -3: C:/Users/emiliano.kamppeter/SynologyDrive/AntiGravity/FoulAndFortune/test/notation_codec_test.dart: NotationCodec - Round-trip Property Round-trip: 14Ôƒ▓0S
00:00 +26 -3: C:/Users/emiliano.kamppeter/SynologyDrive/AntiGravity/FoulAndFortune/test/notation_codec_test.dart: NotationCodec - Round-trip Property Round-trip: 14Ôƒ▓0F
00:00 +27 -3: C:/Users/emiliano.kamppeter/SynologyDrive/AntiGravity/FoulAndFortune/test/notation_codec_test.dart: NotationCodec - Round-trip Property Round-trip: 14Ôƒ▓0SF
00:00 +28 -3: C:/Users/emiliano.kamppeter/SynologyDrive/AntiGravity/FoulAndFortune/test/notation_codec_test.dart: NotationCodec - Invalid Canonical Reject:  (Empty string)
00:00 +29 -3: C:/Users/emiliano.kamppeter/SynologyDrive/AntiGravity/FoulAndFortune/test/notation_codec_test.dart: NotationCodec - Invalid Canonical Reject: 00 (Leading zeros)
00:00 +30 -3: C:/Users/emiliano.kamppeter/SynologyDrive/AntiGravity/FoulAndFortune/test/notation_codec_test.dart: NotationCodec - Invalid Canonical Reject: 01 (Leading zeros)
00:00 +31 -3: C:/Users/emiliano.kamppeter/SynologyDrive/AntiGravity/FoulAndFortune/test/notation_codec_test.dart: NotationCodec - Invalid Canonical Reject: 14Ôƒ▓01 (Leading zeros in segment)
00:00 +32 -3: C:/Users/emiliano.kamppeter/SynologyDrive/AntiGravity/FoulAndFortune/test/notation_codec_test.dart: NotationCodec - Invalid Canonical Reject: 14Ôƒ▓ (Trailing separator)
00:00 +33 -3: C:/Users/emiliano.kamppeter/SynologyDrive/AntiGravity/FoulAndFortune/test/notation_codec_test.dart: NotationCodec - Invalid Canonical Reject: Ôƒ▓0 (Leading separator)
00:00 +34 -3: C:/Users/emiliano.kamppeter/SynologyDrive/AntiGravity/FoulAndFortune/test/notation_codec_test.dart: NotationCodec - Invalid Canonical Reject: 0Ôƒ▓Ôƒ▓0 (Empty mid-segment)
00:00 +35 -3: C:/Users/emiliano.kamppeter/SynologyDrive/AntiGravity/FoulAndFortune/test/notation_codec_test.dart: NotationCodec - Invalid Canonical Reject: SF (Suffix-only)
00:00 +36 -3: C:/Users/emiliano.kamppeter/SynologyDrive/AntiGravity/FoulAndFortune/test/notation_codec_test.dart: NotationCodec - Invalid Canonical Reject: 0FS (Wrong suffix order)
00:00 +37 -3: C:/Users/emiliano.kamppeter/SynologyDrive/AntiGravity/FoulAndFortune/test/notation_codec_test.dart: NotationCodec - Invalid Canonical Reject: 0SS (Duplicate safe)
00:00 +38 -3: C:/Users/emiliano.kamppeter/SynologyDrive/AntiGravity/FoulAndFortune/test/notation_codec_test.dart: NotationCodec - Invalid Canonical Reject: 0FF (Duplicate foul)
00:00 +39 -3: C:/Users/emiliano.kamppeter/SynologyDrive/AntiGravity/FoulAndFortune/test/notation_codec_test.dart: NotationCodec - Invalid Canonical Reject: 14ÔÇó0 (Wrong separator)
00:00 +40 -3: C:/Users/emiliano.kamppeter/SynologyDrive/AntiGravity/FoulAndFortune/test/notation_codec_test.dart: NotationCodec - Invalid Canonical Reject: - (Dash notation)
00:00 +41 -3: C:/Users/emiliano.kamppeter/SynologyDrive/AntiGravity/FoulAndFortune/test/notation_codec_test.dart: NotationCodec - Legacy Migration Migrate: - ÔåÆ 0
00:00 +42 -3: C:/Users/emiliano.kamppeter/SynologyDrive/AntiGravity/FoulAndFortune/test/notation_codec_test.dart: NotationCodec - Legacy Migration Migrate: | ÔåÆ 14
00:00 +43 -3: C:/Users/emiliano.kamppeter/SynologyDrive/AntiGravity/FoulAndFortune/test/notation_codec_test.dart: NotationCodec - Legacy Migration Migrate: |ÔÇó ÔåÆ 14Ôƒ▓0
00:00 +44 -3: C:/Users/emiliano.kamppeter/SynologyDrive/AntiGravity/FoulAndFortune/test/notation_codec_test.dart: NotationCodec - Legacy Migration Migrate: |ÔÇó5F ÔåÆ 14Ôƒ▓5F
00:00 +45 -3: C:/Users/emiliano.kamppeter/SynologyDrive/AntiGravity/FoulAndFortune/test/notation_codec_test.dart: NotationCodec - Legacy Migration Migrate: |ÔÇó|ÔÇó2 ÔåÆ 14Ôƒ▓14Ôƒ▓2
00:00 +46 -3: C:/Users/emiliano.kamppeter/SynologyDrive/AntiGravity/FoulAndFortune/test/notation_codec_test.dart: NotationCodec - Legacy Migration Migrate: 10ÔÇó ÔåÆ 10Ôƒ▓0
00:00 +47 -3: C:/Users/emiliano.kamppeter/SynologyDrive/AntiGravity/FoulAndFortune/test/notation_codec_test.dart: NotationCodec - Legacy Migration Migrate: 10ÔÇóF ÔåÆ 10Ôƒ▓0F
00:00 +48 -3: C:/Users/emiliano.kamppeter/SynologyDrive/AntiGravity/FoulAndFortune/test/notation_codec_test.dart: NotationCodec - Legacy Migration Migrate: 14┬À0sf ÔåÆ 14Ôƒ▓0SF
00:00 +49 -3: C:/Users/emiliano.kamppeter/SynologyDrive/AntiGravity/FoulAndFortune/test/notation_codec_test.dart: NotationCodec - Legacy Migration Migrate: 0fs ÔåÆ 0SF
00:00 +50 -3: C:/Users/emiliano.kamppeter/SynologyDrive/AntiGravity/FoulAndFortune/test/notation_codec_test.dart: NotationCodec - Legacy Migration Migrate:  14 ÔÇó 14 ÔÇó 0  ÔåÆ 14Ôƒ▓14Ôƒ▓0
00:00 +51 -3: C:/Users/emiliano.kamppeter/SynologyDrive/AntiGravity/FoulAndFortune/test/notation_codec_test.dart: NotationCodec - Legacy Rejection Reject migration: Ôƒ▓0 (Leading separator)
00:00 +52 -3: C:/Users/emiliano.kamppeter/SynologyDrive/AntiGravity/FoulAndFortune/test/notation_codec_test.dart: NotationCodec - Legacy Rejection Reject migration: 0Ôƒ▓Ôƒ▓0 (Empty segment)
00:00 +53 -3: C:/Users/emiliano.kamppeter/SynologyDrive/AntiGravity/FoulAndFortune/test/notation_codec_test.dart: NotationCodec - Legacy Rejection Reject migration: 14-0 (Dash in segment)
00:00 +54 -3: C:/Users/emiliano.kamppeter/SynologyDrive/AntiGravity/FoulAndFortune/test/notation_codec_test.dart: NotationCodec - Legacy Rejection Reject migration: 0SBFÔƒ▓0 (Suffix not at end)
00:00 +55 -3: C:/Users/emiliano.kamppeter/SynologyDrive/AntiGravity/FoulAndFortune/test/notation_codec_test.dart: NotationCodec - Legacy Rejection Reject migration: 0XX (Unknown suffix)
00:00 +56 -4: loading C:/Users/emiliano.kamppeter/SynologyDrive/AntiGravity/FoulAndFortune/test/notation_test.dart [E]
  Failed to load "C:/Users/emiliano.kamppeter/SynologyDrive/AntiGravity/FoulAndFortune/test/notation_test.dart":
  Compilation failed for testPath=C:/Users/emiliano.kamppeter/SynologyDrive/AntiGravity/FoulAndFortune/test/notation_test.dart: lib/models/game_state.dart:478:7: Error: The method '_updateRackCount' isn't defined for the type 'GameState'.
   - 'GameState' is from 'package:foulandfortune/models/game_state.dart' ('lib/models/game_state.dart').
  Try correcting the name to the name of an existing method, or defining a method named '_updateRackCount'.
        _updateRackCount(1);
        ^^^^^^^^^^^^^^^^
  lib/models/game_state.dart:480:7: Error: The method '_updateRackCount' isn't defined for the type 'GameState'.
   - 'GameState' is from 'package:foulandfortune/models/game_state.dart' ('lib/models/game_state.dart').
  Try correcting the name to the name of an existing method, or defining a method named '_updateRackCount'.
        _updateRackCount(newBallCount);
        ^^^^^^^^^^^^^^^^
  lib/models/game_state.dart:493:7: Error: The method '_updateRackCount' isn't defined for the type 'GameState'.
   - 'GameState' is from 'package:foulandfortune/models/game_state.dart' ('lib/models/game_state.dart').
  Try correcting the name to the name of an existing method, or defining a method named '_updateRackCount'.
        _updateRackCount(0); // Clear immediately so balls vanish
        ^^^^^^^^^^^^^^^^
  lib/models/game_state.dart:653:5: Error: The method '_updateRackCount' isn't defined for the type 'GameState'.
   - 'GameState' is from 'package:foulandfortune/models/game_state.dart' ('lib/models/game_state.dart').
  Try correcting the name to the name of an existing method, or defining a method named '_updateRackCount'.
      _updateRackCount(0);
      ^^^^^^^^^^^^^^^^
  .
00:00 +56 -4: loading C:/Users/emiliano.kamppeter/SynologyDrive/AntiGravity/FoulAndFortune/test/canonical_spec_test.dart [E]
  Error: The Dart compiler exited unexpectedly.
  package:flutter_tools/src/base/common.dart 34:3  throwToolExit
  package:flutter_tools/src/compile.dart 911:11    DefaultResidentCompiler._compile.<fn>
  dart:async/zone.dart 1538:47                     _rootRunUnary
  dart:async/zone.dart 1429:19                     _CustomZone.runUnary
  dart:async/future_impl.dart 948:45               Future._propagateToListeners.handleValueCallback
  dart:async/future_impl.dart 977:13               Future._propagateToListeners
  dart:async/future_impl.dart 862:9                Future._propagateToListeners
  dart:async/future_impl.dart 720:5                Future._completeWithValue
  dart:async/future_impl.dart 804:7                Future._asyncCompleteWithValue.<fn>
  dart:async/zone.dart 1525:13                     _rootRun
  dart:async/zone.dart 1422:19                     _CustomZone.run
  dart:async/zone.dart 1321:7                      _CustomZone.runGuarded
  dart:async/zone.dart 1362:23                     _CustomZone.bindCallbackGuarded.<fn>
  dart:async/schedule_microtask.dart 40:35         _microtaskLoop
  dart:async/schedule_microtask.dart 49:5          _startMicrotaskLoop
  dart:isolate-patch/isolate_patch.dart 127:13     _runPendingImmediateCallback
  dart:isolate-patch/isolate_patch.dart 194:5      _RawReceivePort._handleMessage
  
lib/models/game_state.dart:478:7: Error: The method '_updateRackCount' 
isn't defined for the type 'GameState'.
 - 'GameState' is from 'package:foulandfortune/models/game_state.dart' 
('lib/models/game_state.dart').
Try correcting the name to the name of an existing method, or defining a 
method named '_updateRackCount'.
      _updateRackCount(1);
      ^^^^^^^^^^^^^^^^
lib/models/game_state.dart:480:7: Error: The method '_updateRackCount' 
isn't defined for the type 'GameState'.
 - 'GameState' is from 'package:foulandfortune/models/game_state.dart' 
('lib/models/game_state.dart').
Try correcting the name to the name of an existing method, or defining a 
method named '_updateRackCount'.
      _updateRackCount(newBallCount);
      ^^^^^^^^^^^^^^^^
lib/models/game_state.dart:493:7: Error: The method '_updateRackCount' 
isn't defined for the type 'GameState'.
 - 'GameState' is from 'package:foulandfortune/models/game_state.dart' 
('lib/models/game_state.dart').
Try correcting the name to the name of an existing method, or defining a 
method named '_updateRackCount'.
      _updateRackCount(0); // Clear immediately so balls vanish
      ^^^^^^^^^^^^^^^^
lib/models/game_state.dart:653:5: Error: The method '_updateRackCount' 
isn't defined for the type 'GameState'.
 - 'GameState' is from 'package:foulandfortune/models/game_state.dart' 
('lib/models/game_state.dart').
Try correcting the name to the name of an existing method, or defining a 
method named '_updateRackCount'.
    _updateRackCount(0);
    ^^^^^^^^^^^^^^^^
00:03 +56 -5: loading C:/Users/emiliano.kamppeter/SynologyDrive/AntiGravity/FoulAndFortune/test/widget_test.dart [E]
  Failed to load "C:/Users/emiliano.kamppeter/SynologyDrive/AntiGravity/FoulAndFortune/test/widget_test.dart":
  Compilation failed for testPath=C:/Users/emiliano.kamppeter/SynologyDrive/AntiGravity/FoulAndFortune/test/widget_test.dart: lib/models/game_state.dart:478:7: Error: The method '_updateRackCount' isn't defined for the type 'GameState'.
   - 'GameState' is from 'package:foulandfortune/models/game_state.dart' ('lib/models/game_state.dart').
  Try correcting the name to the name of an existing method, or defining a method named '_updateRackCount'.
        _updateRackCount(1);
        ^^^^^^^^^^^^^^^^
  lib/models/game_state.dart:480:7: Error: The method '_updateRackCount' isn't defined for the type 'GameState'.
   - 'GameState' is from 'package:foulandfortune/models/game_state.dart' ('lib/models/game_state.dart').
  Try correcting the name to the name of an existing method, or defining a method named '_updateRackCount'.
        _updateRackCount(newBallCount);
        ^^^^^^^^^^^^^^^^
  lib/models/game_state.dart:493:7: Error: The method '_updateRackCount' isn't defined for the type 'GameState'.
   - 'GameState' is from 'package:foulandfortune/models/game_state.dart' ('lib/models/game_state.dart').
  Try correcting the name to the name of an existing method, or defining a method named '_updateRackCount'.
        _updateRackCount(0); // Clear immediately so balls vanish
        ^^^^^^^^^^^^^^^^
  lib/models/game_state.dart:653:5: Error: The method '_updateRackCount' isn't defined for the type 'GameState'.
   - 'GameState' is from 'package:foulandfortune/models/game_state.dart' ('lib/models/game_state.dart').
  Try correcting the name to the name of an existing method, or defining a method named '_updateRackCount'.
      _updateRackCount(0);
      ^^^^^^^^^^^^^^^^
  .
00:03 +56 -5: Some tests failed.
